14:13:40 **** Incremental Build of configuration Debug for project MPU6050_DataAcqusition ****
make -j16 all 
arm-none-eabi-size  MPU6050_DataAcqusition.elf 
   text	   data	    bss	    dec	    hex	filename
  40732	    468	   2180	  43380	   a974	MPU6050_DataAcqusition.elf
Finished building: default.size.stdout
 
14:13:52 **** Incremental Build of configuration Debug for project MPU6050_DataAcqusition ****
make -j16 all 
arm-none-eabi-size  MPU6050_DataAcqusition.elf 
   text	   data	    bss	    dec	    hex	filename
  40732	    468	   2180	  43380	   a974	MPU6050_DataAcqusition.elf
Finished building: default.size.stdout
 
14:14:42 **** Incremental Build of configuration Debug for project MPU6050_DataAcqusition ****
make -j16 all 
arm-none-eabi-size  MPU6050_DataAcqusition.elf 
   text	   data	    bss	    dec	    hex	filename
  40732	    468	   2180	  43380	   a974	MPU6050_DataAcqusition.elf
Finished building: default.size.stdout
 
