15:49:10 **** Incremental Build of configuration Debug for project UART_Project ****
make -j16 all 
arm-none-eabi-gcc "../Core/Src/main.c" -mcpu=cortex-m4 -std=gnu11 -g3 -DDEBUG -DUSE_HAL_DRIVER -DSTM32L4S5xx -c -I../Core/Inc -I../Drivers/STM32L4xx_HAL_Driver/Inc -I../Drivers/STM32L4xx_HAL_Driver/Inc/Legacy -I../Drivers/CMSIS/Device/ST/STM32L4xx/Include -I../Drivers/CMSIS/Include -O0 -ffunction-sections -fdata-sections -Wall -fstack-usage -fcyclomatic-complexity -MMD -MP -MF"Core/Src/main.d" -MT"Core/Src/main.o" --specs=nano.specs -mfpu=fpv4-sp-d16 -mfloat-abi=hard -mthumb -o "Core/Src/main.o"
arm-none-eabi-gcc -o "UART_Project.elf" @"objects.list"   -mcpu=cortex-m4 -T"D:\Anusha_TinyML_FDP\TinyML_Workshop_Nitte-\STM32\UART_Project\STM32L4S5VITX_FLASH.ld" --specs=nosys.specs -Wl,-Map="UART_Project.map" -Wl,--gc-sections -static --specs=nano.specs -mfpu=fpv4-sp-d16 -mfloat-abi=hard -mthumb -Wl,--start-group -lc -lm -Wl,--end-group
Finished building target: UART_Project.elf
 
arm-none-eabi-size  UART_Project.elf 
arm-none-eabi-objdump -h -S UART_Project.elf  > "UART_Project.list"
   text	   data	    bss	    dec	    hex	filename
  16768	    104	   2056	  18928	   49f0	UART_Project.elf
Finished building: default.size.stdout
 
Finished building: UART_Project.list
 
15:49:43 **** Incremental Build of configuration Debug for project UART_Project ****
make -j16 all 
arm-none-eabi-size  UART_Project.elf 
   text	   data	    bss	    dec	    hex	filename
  16768	    104	   2056	  18928	   49f0	UART_Project.elf
Finished building: default.size.stdout
 
15:50:26 **** Incremental Build of configuration Debug for project UART_Project ****
make -j16 all 
arm-none-eabi-size  UART_Project.elf 
   text	   data	    bss	    dec	    hex	filename
  16768	    104	   2056	  18928	   49f0	UART_Project.elf
Finished building: default.size.stdout
 
