15:55:51 **** Incremental Build of configuration Debug for project OnBoard_IMU_Inference_Code_ResourcePerson ****
make -j16 all 
arm-none-eabi-gcc "../X-CUBE-AI/App/network.c" -mcpu=cortex-m4 -std=gnu11 -g3 -DDEBUG -DUSE_HAL_DRIVER -DSTM32L4S5xx -c -I../Core/Inc -I../Drivers/STM32L4xx_HAL_Driver/Inc -I../Drivers/STM32L4xx_HAL_Driver/Inc/Legacy -I../Drivers/CMSIS/Device/ST/STM32L4xx/Include -I../Drivers/CMSIS/Include -I../Middlewares/ST/AI/Inc -I../X-CUBE-AI/App -O0 -ffunction-sections -fdata-sections -Wall -fstack-usage -fcyclomatic-complexity -MMD -MP -MF"X-CUBE-AI/App/network.d" -MT"X-CUBE-AI/App/network.o" --specs=nano.specs -mfpu=fpv4-sp-d16 -mfloat-abi=hard -mthumb -o "X-CUBE-AI/App/network.o"
arm-none-eabi-gcc "../X-CUBE-AI/App/network_data.c" -mcpu=cortex-m4 -std=gnu11 -g3 -DDEBUG -DUSE_HAL_DRIVER -DSTM32L4S5xx -c -I../Core/Inc -I../Drivers/STM32L4xx_HAL_Driver/Inc -I../Drivers/STM32L4xx_HAL_Driver/Inc/Legacy -I../Drivers/CMSIS/Device/ST/STM32L4xx/Include -I../Drivers/CMSIS/Include -I../Middlewares/ST/AI/Inc -I../X-CUBE-AI/App -O0 -ffunction-sections -fdata-sections -Wall -fstack-usage -fcyclomatic-complexity -MMD -MP -MF"X-CUBE-AI/App/network_data.d" -MT"X-CUBE-AI/App/network_data.o" --specs=nano.specs -mfpu=fpv4-sp-d16 -mfloat-abi=hard -mthumb -o "X-CUBE-AI/App/network_data.o"
arm-none-eabi-gcc "../X-CUBE-AI/App/network_data_params.c" -mcpu=cortex-m4 -std=gnu11 -g3 -DDEBUG -DUSE_HAL_DRIVER -DSTM32L4S5xx -c -I../Core/Inc -I../Drivers/STM32L4xx_HAL_Driver/Inc -I../Drivers/STM32L4xx_HAL_Driver/Inc/Legacy -I../Drivers/CMSIS/Device/ST/STM32L4xx/Include -I../Drivers/CMSIS/Include -I../Middlewares/ST/AI/Inc -I../X-CUBE-AI/App -O0 -ffunction-sections -fdata-sections -Wall -fstack-usage -fcyclomatic-complexity -MMD -MP -MF"X-CUBE-AI/App/network_data_params.d" -MT"X-CUBE-AI/App/network_data_params.o" --specs=nano.specs -mfpu=fpv4-sp-d16 -mfloat-abi=hard -mthumb -o "X-CUBE-AI/App/network_data_params.o"
arm-none-eabi-gcc "../Core/Src/main.c" -mcpu=cortex-m4 -std=gnu11 -g3 -DDEBUG -DUSE_HAL_DRIVER -DSTM32L4S5xx -c -I../Core/Inc -I../Drivers/STM32L4xx_HAL_Driver/Inc -I../Drivers/STM32L4xx_HAL_Driver/Inc/Legacy -I../Drivers/CMSIS/Device/ST/STM32L4xx/Include -I../Drivers/CMSIS/Include -I../Middlewares/ST/AI/Inc -I../X-CUBE-AI/App -O0 -ffunction-sections -fdata-sections -Wall -fstack-usage -fcyclomatic-complexity -MMD -MP -MF"Core/Src/main.d" -MT"Core/Src/main.o" --specs=nano.specs -mfpu=fpv4-sp-d16 -mfloat-abi=hard -mthumb -o "Core/Src/main.o"
arm-none-eabi-gcc -o "OnBoard_IMU_Inference_Code_ResourcePerson.elf" @"objects.list"  -l:NetworkRuntime1020_CM4_GCC.a -mcpu=cortex-m4 -T"D:\Anusha_TinyML_FDP\TinyML_Workshop_Nitte-\STM32\OnBoard_IMU_Inference_Code_ResourcePerson\STM32L4S5VITX_FLASH.ld" --specs=nosys.specs -Wl,-Map="OnBoard_IMU_Inference_Code_ResourcePerson.map" -Wl,--gc-sections -static -L../Middlewares/ST/AI/Lib --specs=nano.specs -mfpu=fpv4-sp-d16 -mfloat-abi=hard -mthumb -u _printf_float -u _scanf_float -Wl,--start-group -lc -lm -Wl,--end-group
Finished building target: OnBoard_IMU_Inference_Code_ResourcePerson.elf
 
arm-none-eabi-size  OnBoard_IMU_Inference_Code_ResourcePerson.elf 
arm-none-eabi-objdump -h -S OnBoard_IMU_Inference_Code_ResourcePerson.elf  > "OnBoard_IMU_Inference_Code_ResourcePerson.list"
   text	   data	    bss	    dec	    hex	filename
1286552	   2324	   5036	1293912	 13be58	OnBoard_IMU_Inference_Code_ResourcePerson.elf
Finished building: default.size.stdout
 
Finished building: OnBoard_IMU_Inference_Code_ResourcePerson.list
 
15:57:00 **** Incremental Build of configuration Debug for project OnBoard_IMU_Inference_Code_ResourcePerson ****
make -j16 all 
arm-none-eabi-gcc "../X-CUBE-AI/App/network.c" -mcpu=cortex-m4 -std=gnu11 -g3 -DDEBUG -DUSE_HAL_DRIVER -DSTM32L4S5xx -c -I../Core/Inc -I../Drivers/STM32L4xx_HAL_Driver/Inc -I../Drivers/STM32L4xx_HAL_Driver/Inc/Legacy -I../Drivers/CMSIS/Device/ST/STM32L4xx/Include -I../Drivers/CMSIS/Include -I../Middlewares/ST/AI/Inc -I../X-CUBE-AI/App -O0 -ffunction-sections -fdata-sections -Wall -fstack-usage -fcyclomatic-complexity -MMD -MP -MF"X-CUBE-AI/App/network.d" -MT"X-CUBE-AI/App/network.o" --specs=nano.specs -mfpu=fpv4-sp-d16 -mfloat-abi=hard -mthumb -o "X-CUBE-AI/App/network.o"
arm-none-eabi-gcc "../X-CUBE-AI/App/network_data.c" -mcpu=cortex-m4 -std=gnu11 -g3 -DDEBUG -DUSE_HAL_DRIVER -DSTM32L4S5xx -c -I../Core/Inc -I../Drivers/STM32L4xx_HAL_Driver/Inc -I../Drivers/STM32L4xx_HAL_Driver/Inc/Legacy -I../Drivers/CMSIS/Device/ST/STM32L4xx/Include -I../Drivers/CMSIS/Include -I../Middlewares/ST/AI/Inc -I../X-CUBE-AI/App -O0 -ffunction-sections -fdata-sections -Wall -fstack-usage -fcyclomatic-complexity -MMD -MP -MF"X-CUBE-AI/App/network_data.d" -MT"X-CUBE-AI/App/network_data.o" --specs=nano.specs -mfpu=fpv4-sp-d16 -mfloat-abi=hard -mthumb -o "X-CUBE-AI/App/network_data.o"
arm-none-eabi-gcc "../X-CUBE-AI/App/network_data_params.c" -mcpu=cortex-m4 -std=gnu11 -g3 -DDEBUG -DUSE_HAL_DRIVER -DSTM32L4S5xx -c -I../Core/Inc -I../Drivers/STM32L4xx_HAL_Driver/Inc -I../Drivers/STM32L4xx_HAL_Driver/Inc/Legacy -I../Drivers/CMSIS/Device/ST/STM32L4xx/Include -I../Drivers/CMSIS/Include -I../Middlewares/ST/AI/Inc -I../X-CUBE-AI/App -O0 -ffunction-sections -fdata-sections -Wall -fstack-usage -fcyclomatic-complexity -MMD -MP -MF"X-CUBE-AI/App/network_data_params.d" -MT"X-CUBE-AI/App/network_data_params.o" --specs=nano.specs -mfpu=fpv4-sp-d16 -mfloat-abi=hard -mthumb -o "X-CUBE-AI/App/network_data_params.o"
arm-none-eabi-gcc "../Core/Src/main.c" -mcpu=cortex-m4 -std=gnu11 -g3 -DDEBUG -DUSE_HAL_DRIVER -DSTM32L4S5xx -c -I../Core/Inc -I../Drivers/STM32L4xx_HAL_Driver/Inc -I../Drivers/STM32L4xx_HAL_Driver/Inc/Legacy -I../Drivers/CMSIS/Device/ST/STM32L4xx/Include -I../Drivers/CMSIS/Include -I../Middlewares/ST/AI/Inc -I../X-CUBE-AI/App -O0 -ffunction-sections -fdata-sections -Wall -fstack-usage -fcyclomatic-complexity -MMD -MP -MF"Core/Src/main.d" -MT"Core/Src/main.o" --specs=nano.specs -mfpu=fpv4-sp-d16 -mfloat-abi=hard -mthumb -o "Core/Src/main.o"
arm-none-eabi-gcc -o "OnBoard_IMU_Inference_Code_ResourcePerson.elf" @"objects.list"  -l:NetworkRuntime1020_CM4_GCC.a -mcpu=cortex-m4 -T"D:\Anusha_TinyML_FDP\TinyML_Workshop_Nitte-\STM32\OnBoard_IMU_Inference_Code_ResourcePerson\STM32L4S5VITX_FLASH.ld" --specs=nosys.specs -Wl,-Map="OnBoard_IMU_Inference_Code_ResourcePerson.map" -Wl,--gc-sections -static -L../Middlewares/ST/AI/Lib --specs=nano.specs -mfpu=fpv4-sp-d16 -mfloat-abi=hard -mthumb -u _printf_float -u _scanf_float -Wl,--start-group -lc -lm -Wl,--end-group
Finished building target: OnBoard_IMU_Inference_Code_ResourcePerson.elf
 
arm-none-eabi-size  OnBoard_IMU_Inference_Code_ResourcePerson.elf 
arm-none-eabi-objdump -h -S OnBoard_IMU_Inference_Code_ResourcePerson.elf  > "OnBoard_IMU_Inference_Code_ResourcePerson.list"
   text	   data	    bss	    dec	    hex	filename
1286552	   2324	   5036	1293912	 13be58	OnBoard_IMU_Inference_Code_ResourcePerson.elf
Finished building: default.size.stdout
 
Finished building: OnBoard_IMU_Inference_Code_ResourcePerson.list
 
