15:36:26 **** Incremental Build of configuration Debug for project NanoEdgeAI ****
make -j16 all 
arm-none-eabi-gcc "../Core/Src/main.c" -mcpu=cortex-m4 -std=gnu11 -g3 -DDEBUG -DUSE_HAL_DRIVER -DSTM32L4S5xx -c -I../Core/Inc -I"D:/Anusha_TinyML_FDP/TinyML_Workshop_Nitte-/STM32/NanoEdgeAI/NEAI/Inc" -I../Drivers/STM32L4xx_HAL_Driver/Inc -I../Drivers/STM32L4xx_HAL_Driver/Inc/Legacy -I../Drivers/CMSIS/Device/ST/STM32L4xx/Include -I../Drivers/CMSIS/Include -O0 -ffunction-sections -fdata-sections -Wall -fstack-usage -fcyclomatic-complexity -MMD -MP -MF"Core/Src/main.d" -MT"Core/Src/main.o" --specs=nano.specs -mfpu=fpv4-sp-d16 -mfloat-abi=hard -mthumb -o "Core/Src/main.o"
arm-none-eabi-gcc -o "NanoEdgeAI.elf" @"objects.list"  -lneai -mcpu=cortex-m4 -T"D:\Anusha_TinyML_FDP\TinyML_Workshop_Nitte-\STM32\NanoEdgeAI\STM32L4S5VITX_FLASH.ld" --specs=nosys.specs -Wl,-Map="NanoEdgeAI.map" -Wl,--gc-sections -static -L"D:\Anusha_TinyML_FDP\TinyML_Workshop_Nitte-\STM32\NanoEdgeAI\NEAI\Lib" --specs=nano.specs -mfpu=fpv4-sp-d16 -mfloat-abi=hard -mthumb -u _printf_float -u _scanf_float -Wl,--start-group -lc -lm -Wl,--end-group
Finished building target: NanoEdgeAI.elf
 
arm-none-eabi-size  NanoEdgeAI.elf 
arm-none-eabi-objdump -h -S NanoEdgeAI.elf  > "NanoEdgeAI.list"
   text	   data	    bss	    dec	    hex	filename
  53704	    488	  17896	  72088	  11998	NanoEdgeAI.elf
Finished building: default.size.stdout
 
Finished building: NanoEdgeAI.list
 
15:36:36 **** Incremental Build of configuration Debug for project NanoEdgeAI ****
make -j16 all 
arm-none-eabi-size  NanoEdgeAI.elf 
   text	   data	    bss	    dec	    hex	filename
  53704	    488	  17896	  72088	  11998	NanoEdgeAI.elf
Finished building: default.size.stdout
 
15:37:14 **** Incremental Build of configuration Debug for project NanoEdgeAI ****
make -j16 all 
arm-none-eabi-size  NanoEdgeAI.elf 
   text	   data	    bss	    dec	    hex	filename
  53704	    488	  17896	  72088	  11998	NanoEdgeAI.elf
Finished building: default.size.stdout
 
