15:15:45 **** Incremental Build of configuration Debug for project Task_Button ****
make -j16 all 
arm-none-eabi-gcc "../Core/Src/main.c" -mcpu=cortex-m4 -std=gnu11 -g3 -DDEBUG -DUSE_HAL_DRIVER -DSTM32L4S5xx -c -I../Core/Inc -I../Drivers/STM32L4xx_HAL_Driver/Inc -I../Drivers/STM32L4xx_HAL_Driver/Inc/Legacy -I../Drivers/CMSIS/Device/ST/STM32L4xx/Include -I../Drivers/CMSIS/Include -O0 -ffunction-sections -fdata-sections -Wall -fstack-usage -fcyclomatic-complexity -MMD -MP -MF"Core/Src/main.d" -MT"Core/Src/main.o" --specs=nano.specs -mfpu=fpv4-sp-d16 -mfloat-abi=hard -mthumb -o "Core/Src/main.o"
arm-none-eabi-gcc -o "Task_Button.elf" @"objects.list"   -mcpu=cortex-m4 -T"D:\Anusha_TinyML_FDP\TinyML_Workshop_Nitte-\STM32\Task_Button\STM32L4S5VITX_FLASH.ld" --specs=nosys.specs -Wl,-Map="Task_Button.map" -Wl,--gc-sections -static --specs=nano.specs -mfpu=fpv4-sp-d16 -mfloat-abi=hard -mthumb -Wl,--start-group -lc -lm -Wl,--end-group
Finished building target: Task_Button.elf
 
arm-none-eabi-size  Task_Button.elf 
arm-none-eabi-objdump -h -S Task_Button.elf  > "Task_Button.list"
   text	   data	    bss	    dec	    hex	filename
   6832	     12	   1572	   8416	   20e0	Task_Button.elf
Finished building: default.size.stdout
 
Finished building: Task_Button.list
 

15:15:45 Build Finished. 0 errors, 0 warnings. (took 596ms)

