../Core/Inc/mpu6050.h:32:6:MPU6050_Init	32	static
../Core/Inc/mpu6050.h:39:6:MPU6050_Read_Accel	40	static
../Core/Inc/mpu6050.h:58:6:MPU6050_Read_Gyro	40	static
../Core/Src/main.c:71:5:main	40	static
../Core/Src/main.c:123:6:SystemClock_Config	96	static
../Core/Src/main.c:174:13:MX_I2C1_Init	8	static
../Core/Src/main.c:222:13:MX_USART1_UART_Init	8	static
../Core/Src/main.c:270:13:MX_GPIO_Init	16	static
../Core/Src/main.c:285:5:_write	24	static
../Core/Src/main.c:296:6:Error_Handler	4	static,ignoring_inline_asm
