../Core/Src/main.c:103:6:MX_X_CUBE_AI_Init	16	static
../Core/Src/main.c:139:5:main	128	static
../Core/Src/main.c:266:6:SystemClock_Config	96	static
../Core/Src/main.c:317:13:MX_I2C2_Init	8	static
../Core/Src/main.c:365:13:MX_USART1_UART_Init	8	static
../Core/Src/main.c:413:13:MX_GPIO_Init	16	static
../Core/Src/main.c:428:5:_write	24	static
../Core/Src/main.c:434:6:Normalize_Features	16	static
../Core/Src/main.c:451:6:AI_Run	16	static
../Core/Src/main.c:479:6:Error_Handler	4	static,ignoring_inline_asm
