../Core/Src/main.c:120:6:MX_X_CUBE_AI_Init	16	static
../Core/Src/main.c:156:5:main	8	static
../Core/Src/main.c:222:6:SystemClock_Config	96	static
../Core/Src/main.c:273:13:MX_I2C2_Init	8	static
../Core/Src/main.c:321:13:MX_USART1_UART_Init	8	static
../Core/Src/main.c:369:13:MX_GPIO_Init	16	static
../Core/Src/main.c:384:5:_write	24	static
../Core/Src/main.c:391:6:AI_Run	16	static
../Core/Src/main.c:419:9:Receive_Test_Sample	32	static
../Core/Src/main.c:475:6:Error_Handler	4	static,ignoring_inline_asm
